; ModuleID = '0x1__signer.dbg_info'
source_filename = "/language/move-stdlib/sources/signer.move"

!llvm.dbg.cu = !{!0}
!address_of = !{!2}

!0 = distinct !DICompileUnit(language: DW_LANG_Rust, file: !1, producer: "move-mv-llvm-compiler", isOptimized: false, runtimeVersion: 0, emissionKind: FullDebug, splitDebugInlining: false, sysroot: "/")
!1 = !DIFile(filename: "signer.move", directory: "/language/move-stdlib/sources")
!2 = distinct !DISubprogram(name: "address_of", linkageName: "address_of", scope: !3, file: !1, line: 11, type: !4, spFlags: DISPFlagLocalToUnit | DISPFlagDefinition, unit: !0, retainedNodes: !8)
!3 = !DINamespace(name: "address_of", scope: !1)
!4 = !DISubroutineType(types: !5)
!5 = !{!6}
!6 = !DILocalVariable(name: "s", scope: !3, file: !1, type: !7)
!7 = !DIBasicType(tag: DW_TAG_unspecified_type, name: "unspecified type")
!8 = !{}
